cpu-bind=MASK - bp1-compute091, task  0  0 [11654]: mask 0xf00000f0 set
27-02-26 13:15:44 : INFO     : etas.inversion  - INITIALIZING...
27-02-26 13:15:44 : INFO     : etas.inversion  -   model is named NoName ETAS Model, has ID 0
27-02-26 13:15:44 : INFO     : etas.inversion  -   Time Window: 
      1971-01-01 00:00:00 (aux start)
      1981-01-01 00:00:00 (start)
      2007-01-01 00:00:00 (end).
27-02-26 13:15:44 : INFO     : etas.inversion  -   free_productivity: False, free_background: False
27-02-26 13:15:44 : INFO     : etas.inversion  - PREPARING NoName ETAS Model
27-02-26 13:15:44 : INFO     : etas.inversion  -   filtering catalog...
27-02-26 13:15:44 : INFO     : etas.inversion  -   92263 out of 92263 events are within time window.
27-02-26 13:15:44 : INFO     : etas.inversion  -   Coordinates of region: [array([  43.5, -125.7]), array([  43.5, -118.5]), array([  39.7, -118.5]), array([  36.1, -113.6]), array([  34.6, -112.6]), array([  34.3, -112.6]), array([  32.7, -113.1]), array([  31.8, -113.2]), array([  31.2, -114.5]), array([  31. , -117.1]), array([  31.1, -117.4]), array([  31.5, -118.3]), array([  32.4, -118.8]), array([  33.3, -121.3]), array([  34., -122.]), array([  37.5, -124.3]), array([  40. , -125.9]), array([  40.5, -125.9]), array([  43. , -125.7]), array([  43.5, -125.7])]
27-02-26 13:15:45 : INFO     : etas.inversion  - Region has 959822.9591782562 square km
27-02-26 13:15:45 : INFO     : etas.inversion  - 92263 events lie within target region.
27-02-26 13:15:45 : INFO     : etas.inversion  - 92263 events are above completeness.
27-02-26 13:16:01 : INFO     : etas.inversion  - INITIALIZING...
27-02-26 13:16:01 : INFO     : etas.inversion  -   model is named NoName ETAS Model, has ID 0
27-02-26 13:16:01 : INFO     : etas.inversion  -   Time Window: 
      1971-01-01 00:00:00 (aux start)
      1981-01-01 00:00:00 (start)
      2007-01-01 00:00:00 (end).
27-02-26 13:16:01 : INFO     : etas.inversion  -   free_productivity: False, free_background: False
27-02-26 13:16:02 : INFO     : etas.inversion  - PREPARING NoName ETAS Model
27-02-26 13:16:02 : INFO     : etas.inversion  -   filtering catalog...
27-02-26 13:16:02 : INFO     : etas.inversion  -   92263 out of 92263 events are within time window.
27-02-26 13:16:02 : INFO     : etas.inversion  -   Coordinates of region: [array([  43.5, -125.7]), array([  43.5, -118.5]), array([  39.7, -118.5]), array([  36.1, -113.6]), array([  34.6, -112.6]), array([  34.3, -112.6]), array([  32.7, -113.1]), array([  31.8, -113.2]), array([  31.2, -114.5]), array([  31. , -117.1]), array([  31.1, -117.4]), array([  31.5, -118.3]), array([  32.4, -118.8]), array([  33.3, -121.3]), array([  34., -122.]), array([  37.5, -124.3]), array([  40. , -125.9]), array([  40.5, -125.9]), array([  43. , -125.7]), array([  43.5, -125.7])]
27-02-26 13:16:02 : INFO     : etas.inversion  - Region has 959822.9591782562 square km
27-02-26 13:16:02 : INFO     : etas.inversion  - 92263 events lie within target region.
27-02-26 13:16:02 : INFO     : etas.inversion  - 92263 events are above completeness.
Precomputing Intgral
Done
+----------+---Poisson--+------------+
+---------+----------+----------+
|     nll |      sll |      tll |
+=========+==========+==========+
| 13.2619 | -13.7745 | 0.512641 |
+---------+----------+----------+
Precomputing Intgral
Done
+----------+---Poisson--+------------+
+---------+----------+----------+
|     nll |      sll |      tll |
+=========+==========+==========+
| 13.2619 | -13.7745 | 0.512641 |
+---------+----------+----------+
/user/work/ss15859/miniforge3/envs/earthquakeNPP/lib/python3.11/site-packages/etas/evaluation.py:388: RuntimeWarning: divide by zero encountered in log
  self.LL= np.log(self.lambd) - self.int_lambd
/user/work/ss15859/miniforge3/envs/earthquakeNPP/lib/python3.11/site-packages/etas/evaluation.py:389: RuntimeWarning: divide by zero encountered in log
  self.TLL = np.log(self.lambd_star) - self.int_lambd
/user/work/ss15859/miniforge3/envs/earthquakeNPP/lib/python3.11/site-packages/etas/evaluation.py:390: RuntimeWarning: invalid value encountered in subtract
  self.SLL = self.LL - self.TLL
27-02-26 13:35:01 : INFO     : etas.inversion  -   Data will be stored in output_data_ComCat_25/
area:  959822.9591782562
+----------+----ETAS----+------------+
+---------+----------+---------+
|     nll |      sll |     tll |
+=========+==========+=========+
| 7.25543 | -8.68977 | 1.43434 |
+---------+----------+---------+
/user/work/ss15859/miniforge3/envs/earthquakeNPP/lib/python3.11/site-packages/etas/evaluation.py:388: RuntimeWarning: divide by zero encountered in log
  self.LL= np.log(self.lambd) - self.int_lambd
/user/work/ss15859/miniforge3/envs/earthquakeNPP/lib/python3.11/site-packages/etas/evaluation.py:389: RuntimeWarning: divide by zero encountered in log
  self.TLL = np.log(self.lambd_star) - self.int_lambd
/user/work/ss15859/miniforge3/envs/earthquakeNPP/lib/python3.11/site-packages/etas/evaluation.py:390: RuntimeWarning: invalid value encountered in subtract
  self.SLL = self.LL - self.TLL
27-02-26 13:35:43 : INFO     : etas.inversion  -   Data will be stored in output_data_ComCat_25/
area:  959822.9591782562
+----------+----ETAS----+------------+
+---------+----------+---------+
|     nll |      sll |     tll |
+=========+==========+=========+
| 7.25543 | -8.68977 | 1.43434 |
+---------+----------+---------+
