cpu-bind=MASK - bp1-compute091, task  0  0 [11656]: mask 0xf00000f set
27-02-26 13:15:44 : INFO     : etas.inversion  - INITIALIZING...
27-02-26 13:15:44 : INFO     : etas.inversion  -   model is named NoName ETAS Model, has ID 0
27-02-26 13:15:44 : INFO     : etas.inversion  -   Time Window: 
      1981-01-01 00:00:00 (aux start)
      1985-01-01 00:00:00 (start)
      2014-01-01 00:00:00 (end).
27-02-26 13:15:44 : INFO     : etas.inversion  -   free_productivity: False, free_background: False
27-02-26 13:15:45 : INFO     : etas.inversion  - PREPARING NoName ETAS Model
27-02-26 13:15:45 : INFO     : etas.inversion  -   filtering catalog...
27-02-26 13:15:45 : INFO     : etas.inversion  -   130352 out of 130424 events are within time window.
27-02-26 13:15:45 : INFO     : etas.inversion  -   Coordinates of region: [array([  32., -122.]), array([  32., -114.]), array([  37., -114.]), array([  37., -122.]), array([  32., -122.])]
27-02-26 13:15:45 : INFO     : etas.inversion  - Region has 406963.70523318584 square km
27-02-26 13:15:45 : INFO     : etas.inversion  - 130350 events lie within target region.
27-02-26 13:15:45 : INFO     : etas.inversion  - 14487 events are above completeness.
27-02-26 13:16:01 : INFO     : etas.inversion  - INITIALIZING...
27-02-26 13:16:01 : INFO     : etas.inversion  -   model is named NoName ETAS Model, has ID 0
27-02-26 13:16:01 : INFO     : etas.inversion  -   Time Window: 
      1981-01-01 00:00:00 (aux start)
      1985-01-01 00:00:00 (start)
      2014-01-01 00:00:00 (end).
27-02-26 13:16:01 : INFO     : etas.inversion  -   free_productivity: False, free_background: False
27-02-26 13:16:02 : INFO     : etas.inversion  - PREPARING NoName ETAS Model
27-02-26 13:16:02 : INFO     : etas.inversion  -   filtering catalog...
27-02-26 13:16:02 : INFO     : etas.inversion  -   130352 out of 130424 events are within time window.
27-02-26 13:16:02 : INFO     : etas.inversion  -   Coordinates of region: [array([  32., -122.]), array([  32., -114.]), array([  37., -114.]), array([  37., -122.]), array([  32., -122.])]
27-02-26 13:16:02 : INFO     : etas.inversion  - Region has 406963.70523318584 square km
27-02-26 13:16:02 : INFO     : etas.inversion  - 130350 events lie within target region.
27-02-26 13:16:02 : INFO     : etas.inversion  - 14487 events are above completeness.
Precomputing Intgral
Done
+----------+---Poisson--+------------+
+---------+----------+----------+
|     nll |      sll |      tll |
+=========+==========+==========+
| 13.9809 | -12.9165 | -1.06442 |
+---------+----------+----------+
/user/work/ss15859/miniforge3/envs/earthquakeNPP/lib/python3.11/site-packages/etas/evaluation.py:388: RuntimeWarning: divide by zero encountered in log
  self.LL= np.log(self.lambd) - self.int_lambd
/user/work/ss15859/miniforge3/envs/earthquakeNPP/lib/python3.11/site-packages/etas/evaluation.py:389: RuntimeWarning: divide by zero encountered in log
  self.TLL = np.log(self.lambd_star) - self.int_lambd
/user/work/ss15859/miniforge3/envs/earthquakeNPP/lib/python3.11/site-packages/etas/evaluation.py:390: RuntimeWarning: invalid value encountered in subtract
  self.SLL = self.LL - self.TLL
27-02-26 13:16:50 : INFO     : etas.inversion  -   Data will be stored in output_data_SCEDC_30/
area:  406963.70523318584
+----------+----ETAS----+------------+
+---------+----------+---------+
|     nll |      sll |     tll |
+=========+==========+=========+
| 5.78032 | -7.62064 | 1.84032 |
+---------+----------+---------+
Precomputing Intgral
Done
+----------+---Poisson--+------------+
+---------+----------+----------+
|     nll |      sll |      tll |
+=========+==========+==========+
| 13.9809 | -12.9165 | -1.06442 |
+---------+----------+----------+
/user/work/ss15859/miniforge3/envs/earthquakeNPP/lib/python3.11/site-packages/etas/evaluation.py:388: RuntimeWarning: divide by zero encountered in log
  self.LL= np.log(self.lambd) - self.int_lambd
/user/work/ss15859/miniforge3/envs/earthquakeNPP/lib/python3.11/site-packages/etas/evaluation.py:389: RuntimeWarning: divide by zero encountered in log
  self.TLL = np.log(self.lambd_star) - self.int_lambd
/user/work/ss15859/miniforge3/envs/earthquakeNPP/lib/python3.11/site-packages/etas/evaluation.py:390: RuntimeWarning: invalid value encountered in subtract
  self.SLL = self.LL - self.TLL
27-02-26 13:17:08 : INFO     : etas.inversion  -   Data will be stored in output_data_SCEDC_30/
area:  406963.70523318584
+----------+----ETAS----+------------+
+---------+----------+---------+
|     nll |      sll |     tll |
+=========+==========+=========+
| 5.78032 | -7.62064 | 1.84032 |
+---------+----------+---------+
